warning: Git tree '/home/dlobraico/src/bonsai_gtk' is dirty
== nix: ocgtk pin builds and passes its tests
warning: Git tree '/home/dlobraico/src/bonsai_gtk' is dirty
== format
== build
== generated opam files are committed
== pure + headless tests
== per-package builds, the way opam --with-test runs them
== live tests (xvfb)
libEGL warning: DRI3 error: Could not get DRI3 device
libEGL warning: Ensure your X server supports DRI3 to get accelerated rendering
libEGL warning: DRI3 error: Could not get DRI3 device
libEGL warning: Ensure your X server supports DRI3 to get accelerated rendering
libEGL warning: DRI3 error: Could not get DRI3 device
libEGL warning: Ensure your X server supports DRI3 to get accelerated rendering
libEGL warning: DRI3 error: Could not get DRI3 device
libEGL warning: Ensure your X server supports DRI3 to get accelerated rendering
bonsai_gtk: exception in frame, stopping the driver: (Invalid_argument
  "root/0/1: a Node.window may only be the root node or a child of the root Node.windows, not a child of any other node")
libEGL warning: DRI3 error: Could not get DRI3 device
libEGL warning: Ensure your X server supports DRI3 to get accelerated rendering
libEGL warning: DRI3 error: Could not get DRI3 device
libEGL warning: Ensure your X server supports DRI3 to get accelerated rendering
libEGL warning: DRI3 error: Could not get DRI3 device
libEGL warning: Ensure your X server supports DRI3 to get accelerated rendering

(process:4127689): Gtk-CRITICAL **: 18:01:54.036: gtk_widget_is_ancestor: assertion 'GTK_IS_WIDGET (widget)' failed
libEGL warning: DRI3 error: Could not get DRI3 device
libEGL warning: Ensure your X server supports DRI3 to get accelerated rendering
libEGL warning: DRI3 error: Could not get DRI3 device
libEGL warning: Ensure your X server supports DRI3 to get accelerated rendering
libEGL warning: DRI3 error: Could not get DRI3 device
libEGL warning: Ensure your X server supports DRI3 to get accelerated rendering
bonsai_gtk: root/0: ~current_page names the hidden page "score"; GTK will not switch to it
bench: flow box 0.365 ms at sel=1, 0.418 ms at sel=200, ratio 1.15 (bound 5)
bench: list box 0.367 ms at sel=1, 0.424 ms at sel=200, ratio 1.16 (bound 5)
bench: stack 0.00045 ms per idle frame parked on a hidden page, 0.00305 ms settled
libEGL warning: DRI3 error: Could not get DRI3 device
libEGL warning: Ensure your X server supports DRI3 to get accelerated rendering
bench: 0.00024 ms at 16 chars, 0.00016 ms at 1 MB, ratio 0.69 (bound 5)
bench: 0.00017 ms parked on a refused 1 MB write, ratio 1.06 (bound 5)
bench: 0.00016 ms at 4 items, 0.00016 ms at 1000 items, ratio 1.00 (bound 5)
bench: 0.00016 ms parked on a refused selection, ratio 0.98 (bound 5)
live_text: the four Gtk-CRITICALs that follow are expected -- they are the naive write order below being refused by GTK, which is what this block measures

(process:4127967): Gtk-CRITICAL **: 18:01:55.673: gtk_calendar_set_month: assertion 'date != NULL' failed

(process:4127967): Gtk-CRITICAL **: 18:01:55.674: gtk_calendar_set_year: assertion 'date != NULL' failed

(process:4127967): Gtk-CRITICAL **: 18:01:55.674: gtk_calendar_set_month: assertion 'date != NULL' failed

(process:4127967): Gtk-CRITICAL **: 18:01:55.674: gtk_calendar_set_month: assertion 'date != NULL' failed
bench: calendar 0.00020 ms settled, 0.00015 ms parked on a refused date, ratio 0.75
bench: editable label 0.00023 ms at 16 chars, 0.00017 ms parked on a refused write, 1.26042 ms at 100 000 chars (the compare is O(len), as every entry's already is)
bench: entry 0.00024 ms settled at 16 chars, 0.00020 ms parked on a refused 100 000-char write, ratio 0.83
libEGL warning: DRI3 error: Could not get DRI3 device
libEGL warning: Ensure your X server supports DRI3 to get accelerated rendering
live_embed: the bonsai_gtk frame exception that follows is expected
bonsai_gtk: exception in frame, stopping the driver: (Invalid_argument
  "root/1: a Node.window may only be the root node or a child of the root Node.windows, not a child of any other node")
bench: 0.0085 ms embedded, 0.0086 ms windowed, ratio 0.99 (bound 1.2)
libEGL warning: DRI3 error: Could not get DRI3 device
libEGL warning: Ensure your X server supports DRI3 to get accelerated rendering
bonsai_gtk: exception in frame, stopping the driver: (Invalid_argument
  "root/0: duplicate key dup among one container's children (a key identifies a child among its siblings, so no two of them may share one)")
libEGL warning: DRI3 error: Could not get DRI3 device
libEGL warning: Ensure your X server supports DRI3 to get accelerated rendering
libEGL warning: DRI3 error: Could not get DRI3 device
libEGL warning: Ensure your X server supports DRI3 to get accelerated rendering
Gtk-Message: 18:02:22.756: GtkDialog mapped without a transient parent. This is discouraged.
Gtk-Message: 18:02:22.810: GtkDialog mapped without a transient parent. This is discouraged.
Gtk-Message: 18:02:22.860: GtkDialog mapped without a transient parent. This is discouraged.
Gtk-Message: 18:02:22.871: GtkDialog mapped without a transient parent. This is discouraged.
Gtk-Message: 18:02:22.882: GtkDialog mapped without a transient parent. This is discouraged.
Gtk-Message: 18:02:22.891: GtkDialog mapped without a transient parent. This is discouraged.
Gtk-Message: 18:02:22.899: GtkDialog mapped without a transient parent. This is discouraged.
Gtk-Message: 18:02:22.944: GtkDialog mapped without a transient parent. This is discouraged.
libEGL warning: DRI3 error: Could not get DRI3 device
libEGL warning: Ensure your X server supports DRI3 to get accelerated rendering

(process:4128460): Gtk-WARNING **: 18:02:23.087: Theme parser error: <data>:1:9-13: No property named "this"

(process:4128460): Gtk-WARNING **: 18:02:23.087: Theme parser warning: <data>:1:9-27: Unterminated block at end of document

(process:4128460): Gtk-WARNING **: 18:02:23.087: Theme parser warning: <data>:1:7-27: Unterminated block at end of document
libEGL warning: DRI3 error: Could not get DRI3 device
libEGL warning: Ensure your X server supports DRI3 to get accelerated rendering
Gtk-Message: 18:02:25.581: GtkDialog mapped without a transient parent. This is discouraged.
libEGL warning: DRI3 error: Could not get DRI3 device
libEGL warning: Ensure your X server supports DRI3 to get accelerated rendering
libEGL warning: DRI3 error: Could not get DRI3 device
libEGL warning: Ensure your X server supports DRI3 to get accelerated rendering
== example smoke
libEGL warning: DRI3 error: Could not get DRI3 device
libEGL warning: Ensure your X server supports DRI3 to get accelerated rendering
libEGL warning: DRI3 error: Could not get DRI3 device
libEGL warning: Ensure your X server supports DRI3 to get accelerated rendering
libEGL warning: DRI3 error: Could not get DRI3 device
libEGL warning: Ensure your X server supports DRI3 to get accelerated rendering
libEGL warning: DRI3 error: Could not get DRI3 device
libEGL warning: Ensure your X server supports DRI3 to get accelerated rendering
all green
